// Vitest Snapshot v1

exports[`ErrorMsg suite > Snapshot 1`] = `"<div class=\\"error-msg\\" data-v-a463373e=\\"\\"> Sorry, an error has occured. Please try again later. </div>"`;
